b -- lists all buildings
r -- allows search for shortest path between buildings
q -- quits the program
m -- lists all commands

